info:  Game: d3d11_tri.exe
info:  DXVK: v2.3.1
info:  Vulkan: Found vkGetInstanceProcAddr in winevulkan.dll @ 0x7e86ab0cc0
info:  Built-in extension providers:
info:    Win32 WSI
info:    OpenVR
info:    OpenXR
info:  OpenVR: could not open registry key, status 2
info:  OpenVR: Failed to locate module
info:  Enabled instance extensions:
info:    VK_EXT_surface_maintenance1
info:    VK_KHR_get_surface_capabilities2
info:    VK_KHR_surface
info:    VK_KHR_win32_surface
info:  Apex(Mali-G57 MC2):
info:    Driver : Apex 26.2.99
info:    Memory Heap[0]: 
info:      Size: 5765 MiB
info:      Flags: 0x1
info:      Memory Type[0]: Property Flags = 0x1
info:      Memory Type[1]: Property Flags = 0xb
info:      Memory Type[2]: Property Flags = 0x7
err:   getMonitorEdid: Failed to load functions from setupapi.
err:   DXGI: Failed to parse display metadata + colorimetry info, using blank.
