info:  Game: d3d11_tri.exe
info:  DXVK: v1.10.3
info:  Built-in extension providers:
info:    Win32 WSI
info:    OpenVR
info:    OpenXR
info:  OpenVR: could not open registry key, status 2
info:  OpenVR: Failed to locate module
info:  Enabled instance extensions:
info:    VK_KHR_get_surface_capabilities2
info:    VK_KHR_surface
info:    VK_KHR_win32_surface
info:  Apex(Mali-G57 MC2 FourFectVK 0.1.0 Test1):
info:    Driver: 26.2.99
info:    Vulkan: 1.3.354
info:    Memory Heap[0]: 
info:      Size: 2562 MiB
info:      Flags: 0x1
info:      Memory Type[0]: Property Flags = 0x1
info:      Memory Type[1]: Property Flags = 0xb
info:      Memory Type[2]: Property Flags = 0x7
