info:  Game: d3d11_tri.exe
info:  DXVK: v2.7.1-gplasync
info:  Build: x86_64 clang 21.1.8
info:  Vulkan: Found vkGetInstanceProcAddr in winevulkan.dll @ 0x7e869d0cc0
info:  Extension providers:
info:    Platform WSI
info:    OpenVR
info:  OpenVR: could not open registry key, status 2
info:  OpenVR: Failed to locate module
info:    OpenXR
info:  Enabled instance extensions:
info:    VK_EXT_surface_maintenance1
info:    VK_KHR_get_surface_capabilities2
info:    VK_KHR_surface
info:    VK_KHR_win32_surface
info:  Found device: Apex(Mali-G57 MC2 FourFectVK 0.1.0 Test2) (Apex 26.2.99)
info:    Skipping: Device does not support required feature 'robustBufferAccess2' (extension: VK_EXT_robustness2)
warn:  DXVK: No adapters found. Please check your device filter settings
warn:  and Vulkan drivers. A Vulkan 1.3 capable setup is required.
err:   Failed to initialize DXVK.
