WARNING: panvk is not a conformant Vulkan implementation, testing use only.
MESA: error: kbase: MEM_ALLOC req: va_pages=32768 commit_pages=0 extension=512 flags=0x2a0f kmod_flags=0x2
MESA: error: kbase: MEM_ALLOC req: va_pages=35157 commit_pages=0 extension=512 flags=0x2a0f kmod_flags=0x6
MESA: error: kbase: MEM_ALLOC req: va_pages=1 commit_pages=1 extension=0 flags=0x380f kmod_flags=0x40
MESA: error: kbase: MEM_ALLOC req: va_pages=4 commit_pages=4 extension=0 flags=0x280f kmod_flags=0x0
MESA: error: kbase: MEM_ALLOC req: va_pages=4 commit_pages=4 extension=0 flags=0x280f kmod_flags=0x0
[PANVK_DEBUG_BIND] image plane bind (non-sparse) base=0x75fb3cf000 (mem->addr.dev=0x75fb3cf000 offset=0)
MESA: error: kbase: MEM_ALLOC req: va_pages=4 commit_pages=4 extension=0 flags=0x380f kmod_flags=0x40
MESA: error: kbase: MEM_ALLOC req: va_pages=4 commit_pages=4 extension=0 flags=0x1817 kmod_flags=0x41
[PANVK_DEBUG_SHADERBIN] stage=VERTEX bin_size=256 bytes:
  7b 0d 00 00 04 80 5e 00 3c c8 c0 98 04 c2 f8 00
  7c c4 c0 9c 04 c3 f8 00 87 00 00 00 00 c4 91 00
  03 c0 02 11 01 c5 b4 00 45 c0 86 44 00 c4 50 01
  42 c0 c0 86 00 c2 50 01 43 c0 42 87 00 c2 50 01
  84 00 00 00 00 c3 91 00 44 81 43 00 00 c3 b2 00
  83 00 00 00 00 c4 91 00 42 80 44 00 00 c2 b2 00
  85 00 00 00 00 c4 91 00 d0 00 00 00 00 c5 91 08
  40 00 00 79 08 42 61 78 00 00 00 00 00 00 00 00
  00 00 00 00 00 00 00 00 00 00 00 00 00 00 00 00
  00 00 00 00 00 00 00 00 00 00 00 00 00 00 00 00
  00 00 00 00 00 00 00 00 00 00 00 00 00 00 00 00
  00 00 00 00 00 00 00 00 00 00 00 00 00 00 00 00
  00 00 00 00 00 00 00 00 00 00 00 00 00 00 00 00
  00 00 00 00 00 00 00 00 00 00 00 00 00 00 00 00
  00 00 00 00 00 00 00 00 00 00 00 00 00 00 00 00
  00 00 00 00 00 00 00 00 00 00 00 00 00 00 00 00
[PANVK_DEBUG_SHADERBIN] stage=FRAGMENT bin_size=128 bytes:
  00 00 00 00 00 c0 00 40 7c d0 ea 00 02 bc 7d 08
  d0 00 00 00 00 c0 91 68 c0 00 00 00 00 c1 91 00
  c0 00 00 00 00 c2 91 00 d0 00 00 00 00 c3 91 48
  84 00 3c 32 08 40 7f 78 c0 00 00 00 00 f0 10 01
  c0 85 00 00 10 c1 2f 00 00 00 00 00 00 00 00 00
  00 00 00 00 00 00 00 00 00 00 00 00 00 00 00 00
  00 00 00 00 00 00 00 00 00 00 00 00 00 00 00 00
  00 00 00 00 00 00 00 00 00 00 00 00 00 00 00 00
MESA: error: kbase: MEM_ALLOC req: va_pages=16 commit_pages=16 extension=0 flags=0x380f kmod_flags=0x40
MESA: error: kbase: MEM_ALLOC req: va_pages=16 commit_pages=16 extension=0 flags=0x380f kmod_flags=0x40
[PANVK_DEBUG_BLEND] rt=0 color_write_enables=0xff fmt=37 write_mask=0xf
[PANVK_DEBUG_BLENDFIX] blend_ptr.gpu=0x75fb1c53c0 bd_count=1 state.blend_descs[0]=0xed00000000019
[PANVK_DEBUG_VP] VkViewport: w=64.000000 h=64.000000 x=0.000000 y=0.000000
[PANVK_DEBUG_VP] computed scale: x=32.000000 y=32.000000
[PANVK_DEBUG_VP] computed offset: x=32.000000 y=32.000000
[PANVK_DEBUG_VSFAU] gpu=0x75fb1c53d0 count=4 bytes=32: 00 00 00 42 00 00 00 42 00 00 80 3f 00 00 00 42 00 00 00 42 00 00 00 00 00 00 00 3f 00 00 00 bf
[PANVK_DEBUG_FSFAU] gpu=0x75fb1c53f0 count=3 bytes=24: 00 00 00 00 00 00 00 00 00 00 00 00 00 00 00 00 19 00 00 00 00 d0 0e 00
[PANVK_DEBUG_TILERCTX] 192 byte Tiler Context desc: 00 00 00 00 00 00 00 00 ff 00 04 00 3f 00 3f 00 00 00 00 00 00 00 00 00 20 54 1c fb 75 00 00 00 00 00 00 00 00 00 00 00 00 00 00 00 00 00 00 00 00 00 00 00 00 00 00 00 00 00 00 00 00 00 00 00 00 00 00 00 00 00 00 00 00 00 00 00 00 00 00 00 00 00 00 00 00 00 00 00 00 00 00 00 00 00 00 00 00 00 00 00 00 00 00 00 00 00 00 00 00 00 00 00 00 00 00 00 00 00 00 00 00 00 00 00 00 00 00 00 00 00 00 00 00 00 00 00 00 00 00 00 00 00 00 00 00 00 00 00 00 00 00 00 00 00 00 00 00 00 00 00 00 00 00 00 00 00 00 00 00 00 00 00 00 00 00 00 00 00 00 00 00 00 00 00 00 00 00 00 00 00 00 00
[PANVK_DEBUG_TILERHEAP] 32 byte Tiler Heap desc: 29 03 00 00 00 00 00 08 00 00 00 5c 73 00 00 00 00 00 00 5c 73 00 00 00 00 00 00 64 73 00 00 00
[PANVK_DEBUG_FLAGS1] sample_mask=0xffff render_target_mask=0x1 bound_attachments=0x1
[PANVK_DEBUG_DS] 32 byte Depth/stencil desc: 07 00 00 00 00 00 00 00 00 00 00 00 00 00 00 00 00 00 c0 e4 00 00 00 00 00 00 00 00 00 00 00 00
[PANVK_DEBUG_BLENDRAW] 16 byte Blend desc(s): 00 0a 00 00 22 21 12 f0 19 00 00 00 00 d0 0e 00
[PANVK_DEBUG_MVJ] sesudah pan_jc_add_job gpu=0x75fb1c5500 header: type=11 (MALLOC_VERTEX == BENAR) index=1 dep1=0 dep2=0
[PANVK_DEBUG_MVJ] dump 384 byte job descriptor:
[PANVK_DEBUG_MVJ] +000: 00 00 00 00 00 00 00 00 00 00 00 00 00 00 00 00
[PANVK_DEBUG_MVJ] +016: 16 00 01 00 00 00 00 00 00 00 00 00 00 00 00 00
[PANVK_DEBUG_MVJ] +032: 08 80 03 00 00 00 00 00 00 00 00 00 03 00 00 00
[PANVK_DEBUG_MVJ] +048: 01 00 00 00 10 00 00 00 40 54 1c fb 75 00 00 00
[PANVK_DEBUG_MVJ] +064: 00 00 00 00 00 00 00 00 00 00 00 00 00 00 00 00
[PANVK_DEBUG_MVJ] +080: 00 00 00 00 00 00 00 00 00 00 00 00 00 00 00 00
[PANVK_DEBUG_MVJ] +096: 00 00 00 00 00 00 00 00 00 00 00 00 3f 00 3f 00
[PANVK_DEBUG_MVJ] +112: 00 00 80 3f 00 00 00 00 00 00 00 00 00 00 00 00
[PANVK_DEBUG_MVJ] +128: 00 00 81 00 ff ff 01 00 01 00 00 00 00 00 00 00
[PANVK_DEBUG_MVJ] +144: 00 00 00 00 00 00 00 00 00 00 00 00 00 00 80 3f
[PANVK_DEBUG_MVJ] +160: 00 00 00 00 00 00 00 00 80 56 1c fb 75 00 00 00
[PANVK_DEBUG_MVJ] +176: c1 53 1c fb 75 00 00 00 00 00 00 00 00 00 00 00
[PANVK_DEBUG_MVJ] +192: 00 00 00 00 03 00 00 00 00 00 00 00 00 00 00 00
[PANVK_DEBUG_MVJ] +208: 00 00 00 00 00 00 00 00 00 00 00 00 00 00 00 00
[PANVK_DEBUG_MVJ] +224: 84 53 1c fb 75 00 00 00 c0 b0 3c fb 75 00 00 00
[PANVK_DEBUG_MVJ] +240: c0 50 1c fb 75 00 00 00 f0 53 1c fb 75 00 00 00
[PANVK_DEBUG_MVJ] +256: 00 00 00 00 04 00 00 00 00 00 00 00 00 00 00 00
[PANVK_DEBUG_MVJ] +272: 00 00 00 00 00 00 00 00 00 00 00 00 00 00 00 00
[PANVK_DEBUG_MVJ] +288: 04 53 1c fb 75 00 00 00 80 b0 3c fb 75 00 00 00
[PANVK_DEBUG_MVJ] +304: c0 50 1c fb 75 00 00 00 d0 53 1c fb 75 00 00 00
[PANVK_DEBUG_MVJ] +320: 00 00 00 00 00 00 00 00 00 00 00 00 00 00 00 00
[PANVK_DEBUG_MVJ] +336: 00 00 00 00 00 00 00 00 00 00 00 00 00 00 00 00
[PANVK_DEBUG_MVJ] +352: 00 00 00 00 00 00 00 00 00 00 00 00 00 00 00 00
[PANVK_DEBUG_MVJ] +368: 00 00 00 00 00 00 00 00 00 00 00 00 00 00 00 00
[PANVK_DEBUG_MVJ] jc state: first_job=0x75fb1c5500 job_index=1 tiler_dep=1
[PANVK_DEBUG_RTFMT] rt=0 fmt=84 rt_count=1
[PANVK_DEBUG_RT] linear color attachment base=0x75fb3cf000 row_stride=256 surf_stride=16384
[PANVK_DEBUG_FBD] gpu=0x75fb1c5000 size=192\n[PANVK_DEBUG_FBD] +000: 00 00 00 00 00 00 00 00 00 00 00 00 00 00 00 00\n[PANVK_DEBUG_FBD] +016: 00 c0 80 fc 75 00 00 00 00 00 00 00 00 00 00 00\n[PANVK_DEBUG_FBD] +032: 3f 00 3f 00 00 00 00 00 3f 00 3f 00 80 50 00 01\n[PANVK_DEBUG_FBD] +048: 00 00 01 00 00 00 00 00 40 54 1c fb 75 00 00 00\n[PANVK_DEBUG_FBD] +064: 00 00 00 00 00 00 00 00 00 00 00 00 00 00 00 00\n[PANVK_DEBUG_FBD] +080: 00 00 00 00 00 00 00 00 00 00 00 00 00 00 00 00\n[PANVK_DEBUG_FBD] +096: 00 00 00 00 00 00 00 00 00 00 00 00 00 00 00 00\n[PANVK_DEBUG_FBD] +112: 00 00 00 00 00 00 00 00 00 00 00 00 00 00 00 00\n[PANVK_DEBUG_FBD] +128: 00 00 00 04 99 82 88 86 00 00 00 00 00 00 00 00\n[PANVK_DEBUG_FBD] +144: 00 00 00 00 00 00 00 00 00 00 00 00 00 00 00 00\n[PANVK_DEBUG_FBD] +160: 00 f0 3c fb 75 00 00 00 00 01 00 00 00 40 00 00\n[PANVK_DEBUG_FBD] +176: 00 00 00 ff 00 00 00 ff 00 00 00 ff 00 00 00 ff\n[PANVK_DEBUG_FBD] tagged_ptr=0x75fb1c5001 stride=192
[PANVK_DEBUG_FRAGJOB] gpu=0x75fb1c5700 size=64\n[PANVK_DEBUG_FRAGJOB] +000: 00 00 00 00 00 00 00 00 00 00 00 00 00 00 00 00\n[PANVK_DEBUG_FRAGJOB] +016: 12 00 01 00 00 00 00 00 00 00 00 00 00 00 00 00\n[PANVK_DEBUG_FRAGJOB] +032: 00 00 00 00 03 00 03 00 01 50 1c fb 75 00 00 00\n[PANVK_DEBUG_FRAGJOB] +048: 00 00 00 00 00 00 00 00 00 00 00 00 00 00 00 00\n[PANVK_DEBUG_SUBMIT] vtc_jc ret=0
[PANVK_DEBUG_JOBSTATUS] vtc_jc job[0] type=11 exception_status=0x01 (DONE) first_incomplete_task=0 fault_pointer=0x0
[PANVK_DEBUG_JOBSTATUS] vtc_jc job[1] type=9 exception_status=0x00 (NOT_STARTED) first_incomplete_task=0 fault_pointer=0x0
[PANVK_DEBUG_HEAP] SESUDAH vtc_jc (vertex+tiler) bo->flags=0x2 dev=0x735c000000 size=134217728 host=0x735c000000 mincore=absent -- UNREADABLE (I/O error) => halaman belum ter-commit, tiler tidak menulis apa pun
[PANVK_DEBUG_SUBMIT] frag_jc ret=0
[PANVK_DEBUG_JOBSTATUS] frag_jc job[0] type=11 exception_status=0x01 (DONE) first_incomplete_task=0 fault_pointer=0x0
[PANVK_DEBUG_JOBSTATUS] frag_jc job[1] type=9 exception_status=0x01 (DONE) first_incomplete_task=0 fault_pointer=0x0
[PANVK_DEBUG_HEAP] SESUDAH frag_jc (fragment) bo->flags=0x2 dev=0x735c000000 size=134217728 host=0x735c000000 mincore=absent -- UNREADABLE (I/O error) => halaman belum ter-commit, tiler tidak menulis apa pun
=== case: direct ===
path under test : vkCmdDraw (control)
prediction      : 512/4096, centre red (baseline geometry)
vkCmdDrawIndirect entry point : present
calling vkCmdDraw(3,1,0,0)

--- result: direct ---
non-black      : 512 / 4096
centre (32,32) = 255,0,0,255
prediction was : 512 non-black, centre 255,0,0
verdict        : control OK
FINGERPRINT direct n=512 c=255,0,0 ok=1
