vkCreateInstance ok
WARNING: panvk is not a conformant Vulkan implementation, testing use only.
EnumeratePhysicalDevices(count) ok
EnumeratePhysicalDevices(fetch) ok
MESA: error: kbase: MEM_ALLOC req: va_pages=32768 commit_pages=0 extension=512 flags=0x2a0f kmod_flags=0x6
MESA: error: kbase: MEM_ALLOC req: va_pages=35157 commit_pages=0 extension=512 flags=0x2a0f kmod_flags=0x6
MESA: error: kbase: MEM_ALLOC req: va_pages=1 commit_pages=1 extension=0 flags=0x380f kmod_flags=0x40
MESA: error: kbase: MEM_ALLOC req: va_pages=4 commit_pages=4 extension=0 flags=0x280f kmod_flags=0x0
vkCreateDevice ok
vkCreateImage ok
MESA: error: kbase: MEM_ALLOC req: va_pages=1 commit_pages=1 extension=0 flags=0x280f kmod_flags=0x0
vkAllocateMemory(image) ok
vkBindImageMemory ok
MESA: error: kbase: MEM_ALLOC req: va_pages=4 commit_pages=4 extension=0 flags=0x380f kmod_flags=0x40
vkCreateImageView ok
vkMapMemory(sentinel-fill) ok
sentinel 0xAA ditulis ke image memory (row pitch=64) sebelum submit
vkCreateShaderModule(vert) ok
vkCreateShaderModule(frag) ok
vkCreatePipelineLayout ok
MESA: error: kbase: MEM_ALLOC req: va_pages=4 commit_pages=4 extension=0 flags=0x1817 kmod_flags=0x41
vkCreateGraphicsPipelines ok
vkCreateCommandPool ok
MESA: error: kbase: MEM_ALLOC req: va_pages=16 commit_pages=16 extension=0 flags=0x380f kmod_flags=0x40
vkAllocateCommandBuffers ok
vkBeginCommandBuffer ok
calling vkCmdBeginRendering (with color attachment)...
calling vkCmdDraw(3,1,0,0) -- ini yang exercise Malloc Vertex Job v9...
MESA: error: kbase: MEM_ALLOC req: va_pages=16 commit_pages=16 extension=0 flags=0x380f kmod_flags=0x40
[PANVK_DEBUG_VP] VkViewport: w=4.000000 h=4.000000 x=0.000000 y=0.000000
[PANVK_DEBUG_VP] computed scale: x=2.000000 y=2.000000
[PANVK_DEBUG_VP] computed offset: x=2.000000 y=2.000000
[PANVK_DEBUG_MVJ] dump 384 byte job descriptor:
[PANVK_DEBUG_MVJ] +000: 00 00 00 00 00 00 00 00 00 00 00 00 00 00 00 00
[PANVK_DEBUG_MVJ] +016: 00 00 00 00 00 00 00 00 00 00 00 00 00 00 00 00
[PANVK_DEBUG_MVJ] +032: 08 80 03 00 00 00 00 00 00 00 00 00 03 00 00 00
[PANVK_DEBUG_MVJ] +048: 01 00 00 00 10 00 00 00 40 e4 58 50 7a 00 00 00
[PANVK_DEBUG_MVJ] +064: 00 00 00 00 00 00 00 00 00 00 00 00 00 00 00 00
[PANVK_DEBUG_MVJ] +080: 00 00 00 00 00 00 00 00 00 00 00 00 00 00 00 00
[PANVK_DEBUG_MVJ] +096: 00 00 00 00 00 00 00 00 00 00 00 00 03 00 03 00
[PANVK_DEBUG_MVJ] +112: 00 00 80 3f 00 00 00 00 00 00 00 00 00 00 00 00
[PANVK_DEBUG_MVJ] +128: 00 00 01 00 ff ff 01 00 01 00 00 00 00 00 00 00
[PANVK_DEBUG_MVJ] +144: 00 00 00 00 00 00 00 00 00 00 00 00 00 00 80 3f
[PANVK_DEBUG_MVJ] +160: 00 00 00 00 00 00 00 00 a0 e6 58 50 7a 00 00 00
[PANVK_DEBUG_MVJ] +176: 81 e6 58 50 7a 00 00 00 00 00 00 00 00 00 00 00
[PANVK_DEBUG_MVJ] +192: 00 00 00 00 00 00 00 00 00 00 00 00 00 00 00 00
[PANVK_DEBUG_MVJ] +208: 00 00 00 00 00 00 00 00 00 00 00 00 00 00 00 00
[PANVK_DEBUG_MVJ] +224: 84 e3 58 50 7a 00 00 00 c0 c0 5c 50 7a 00 00 00
[PANVK_DEBUG_MVJ] +240: c0 e0 58 50 7a 00 00 00 e0 e3 58 50 7a 00 00 00
[PANVK_DEBUG_MVJ] +256: 00 00 00 00 00 00 00 00 00 00 00 00 00 00 00 00
[PANVK_DEBUG_MVJ] +272: 00 00 00 00 00 00 00 00 00 00 00 00 00 00 00 00
[PANVK_DEBUG_MVJ] +288: 04 e3 58 50 7a 00 00 00 80 c0 5c 50 7a 00 00 00
[PANVK_DEBUG_MVJ] +304: c0 e0 58 50 7a 00 00 00 c0 e3 58 50 7a 00 00 00
[PANVK_DEBUG_MVJ] +320: 00 00 00 00 00 00 00 00 00 00 00 00 00 00 00 00
[PANVK_DEBUG_MVJ] +336: 00 00 00 00 00 00 00 00 00 00 00 00 00 00 00 00
[PANVK_DEBUG_MVJ] +352: 00 00 00 00 00 00 00 00 00 00 00 00 00 00 00 00
[PANVK_DEBUG_MVJ] +368: 00 00 00 00 00 00 00 00 00 00 00 00 00 00 00 00
vkCmdDraw returned (no crash)
vkCmdEndRendering returned (no crash)
vkEndCommandBuffer ok
calling vkQueueSubmit...
vkQueueSubmit ok
calling vkQueueWaitIdle...
vkQueueWaitIdle ok
vkMapMemory(image-direct) ok

--- hasil pixel LANGSUNG dari image LINEAR (rowPitch=64), skip CmdCopyImageToBuffer ---
(0,0)=  0,  0,  0,255  (1,0)=  0,  0,  0,255  (2,0)=  0,  0,  0,255  (3,0)=  0,  0,  0,255  
(0,1)=  0,  0,  0,255  (1,1)=  0,  0,  0,255  (2,1)=  0,  0,  0,255  (3,1)=  0,  0,  0,255  
(0,2)=  0,  0,  0,255  (1,2)=  0,  0,  0,255  (2,2)=  0,  0,  0,255  (3,2)=  0,  0,  0,255  
(0,3)=  0,  0,  0,255  (1,3)=  0,  0,  0,255  (2,3)=  0,  0,  0,255  (3,3)=  0,  0,  0,255  

CLEAR-ONLY: image ke-clear (hitam) tapi triangle nggak ke-render -- draw doang yang gagal.
